Archive member included to satisfy reference by file (symbol)

c:/st/stm32cubeide_1.4.0/stm32cubeide/plugins/com.st.stm32cube.ide.mcu.externaltools.gnu-tools-for-stm32.7-2018-q2-update.win32_1.5.0.202011040924/tools/bin/../lib/gcc/arm-none-eabi/7.3.1/../../../../arm-none-eabi/lib/thumb/v7e-m/fpv5/hard\libc_nano.a(lib_a-errno.o)
                              Core/Src/syscalls.o (__errno)
c:/st/stm32cubeide_1.4.0/stm32cubeide/plugins/com.st.stm32cube.ide.mcu.externaltools.gnu-tools-for-stm32.7-2018-q2-update.win32_1.5.0.202011040924/tools/bin/../lib/gcc/arm-none-eabi/7.3.1/../../../../arm-none-eabi/lib/thumb/v7e-m/fpv5/hard\libc_nano.a(lib_a-exit.o)
                              c:/st/stm32cubeide_1.4.0/stm32cubeide/plugins/com.st.stm32cube.ide.mcu.externaltools.gnu-tools-for-stm32.7-2018-q2-update.win32_1.5.0.202011040924/tools/bin/../lib/gcc/arm-none-eabi/7.3.1/../../../../arm-none-eabi/lib/thumb/v7e-m/fpv5/hard/crt0.o (exit)
c:/st/stm32cubeide_1.4.0/stm32cubeide/plugins/com.st.stm32cube.ide.mcu.externaltools.gnu-tools-for-stm32.7-2018-q2-update.win32_1.5.0.202011040924/tools/bin/../lib/gcc/arm-none-eabi/7.3.1/../../../../arm-none-eabi/lib/thumb/v7e-m/fpv5/hard\libc_nano.a(lib_a-impure.o)
                              c:/st/stm32cubeide_1.4.0/stm32cubeide/plugins/com.st.stm32cube.ide.mcu.externaltools.gnu-tools-for-stm32.7-2018-q2-update.win32_1.5.0.202011040924/tools/bin/../lib/gcc/arm-none-eabi/7.3.1/../../../../arm-none-eabi/lib/thumb/v7e-m/fpv5/hard\libc_nano.a(lib_a-exit.o) (_global_impure_ptr)
c:/st/stm32cubeide_1.4.0/stm32cubeide/plugins/com.st.stm32cube.ide.mcu.externaltools.gnu-tools-for-stm32.7-2018-q2-update.win32_1.5.0.202011040924/tools/bin/../lib/gcc/arm-none-eabi/7.3.1/../../../../arm-none-eabi/lib/thumb/v7e-m/fpv5/hard\libc_nano.a(lib_a-init.o)
                              c:/st/stm32cubeide_1.4.0/stm32cubeide/plugins/com.st.stm32cube.ide.mcu.externaltools.gnu-tools-for-stm32.7-2018-q2-update.win32_1.5.0.202011040924/tools/bin/../lib/gcc/arm-none-eabi/7.3.1/../../../../arm-none-eabi/lib/thumb/v7e-m/fpv5/hard/crt0.o (__libc_init_array)
c:/st/stm32cubeide_1.4.0/stm32cubeide/plugins/com.st.stm32cube.ide.mcu.externaltools.gnu-tools-for-stm32.7-2018-q2-update.win32_1.5.0.202011040924/tools/bin/../lib/gcc/arm-none-eabi/7.3.1/../../../../arm-none-eabi/lib/thumb/v7e-m/fpv5/hard\libc_nano.a(lib_a-memcmp.o)
                              Core/Src/main.o (memcmp)
c:/st/stm32cubeide_1.4.0/stm32cubeide/plugins/com.st.stm32cube.ide.mcu.externaltools.gnu-tools-for-stm32.7-2018-q2-update.win32_1.5.0.202011040924/tools/bin/../lib/gcc/arm-none-eabi/7.3.1/../../../../arm-none-eabi/lib/thumb/v7e-m/fpv5/hard\libc_nano.a(lib_a-memset.o)
                              c:/st/stm32cubeide_1.4.0/stm32cubeide/plugins/com.st.stm32cube.ide.mcu.externaltools.gnu-tools-for-stm32.7-2018-q2-update.win32_1.5.0.202011040924/tools/bin/../lib/gcc/arm-none-eabi/7.3.1/../../../../arm-none-eabi/lib/thumb/v7e-m/fpv5/hard/crt0.o (memset)
c:/st/stm32cubeide_1.4.0/stm32cubeide/plugins/com.st.stm32cube.ide.mcu.externaltools.gnu-tools-for-stm32.7-2018-q2-update.win32_1.5.0.202011040924/tools/bin/../lib/gcc/arm-none-eabi/7.3.1/thumb/v7e-m/fpv5/hard\libgcc.a(_aeabi_uldivmod.o)
                              Drivers/STM32F7xx_HAL_Driver/Src/stm32f7xx_hal_rcc.o (__aeabi_uldivmod)
c:/st/stm32cubeide_1.4.0/stm32cubeide/plugins/com.st.stm32cube.ide.mcu.externaltools.gnu-tools-for-stm32.7-2018-q2-update.win32_1.5.0.202011040924/tools/bin/../lib/gcc/arm-none-eabi/7.3.1/thumb/v7e-m/fpv5/hard\libgcc.a(_udivmoddi4.o)
                              c:/st/stm32cubeide_1.4.0/stm32cubeide/plugins/com.st.stm32cube.ide.mcu.externaltools.gnu-tools-for-stm32.7-2018-q2-update.win32_1.5.0.202011040924/tools/bin/../lib/gcc/arm-none-eabi/7.3.1/thumb/v7e-m/fpv5/hard\libgcc.a(_aeabi_uldivmod.o) (__udivmoddi4)
c:/st/stm32cubeide_1.4.0/stm32cubeide/plugins/com.st.stm32cube.ide.mcu.externaltools.gnu-tools-for-stm32.7-2018-q2-update.win32_1.5.0.202011040924/tools/bin/../lib/gcc/arm-none-eabi/7.3.1/thumb/v7e-m/fpv5/hard\libgcc.a(_dvmd_tls.o)
                              c:/st/stm32cubeide_1.4.0/stm32cubeide/plugins/com.st.stm32cube.ide.mcu.externaltools.gnu-tools-for-stm32.7-2018-q2-update.win32_1.5.0.202011040924/tools/bin/../lib/gcc/arm-none-eabi/7.3.1/thumb/v7e-m/fpv5/hard\libgcc.a(_aeabi_uldivmod.o) (__aeabi_ldiv0)

Allocating common symbols
Common symbol       size              file

uwTick              0x4               Drivers/STM32F7xx_HAL_Driver/Src/stm32f7xx_hal.o
pFlash              0x1c              Drivers/STM32F7xx_HAL_Driver/Src/stm32f7xx_hal_flash.o
huart1              0x80              Core/Src/usart.o
QPI_Mode_Enabled_Flag
                    0x1               Core/Src/quadspi.o
hqspi               0x4c              Core/Src/quadspi.o

Discarded input sections

[...]
Memory Configuration

Name             Origin             Length             Attributes
RAM              0x0000000020000000 0x0000000000080000 xrw
FLASH            0x0000000008000000 0x0000000000100000 xr
*default*        0x0000000000000000 0xffffffffffffffff

Linker script and memory map

LOAD c:/st/stm32cubeide_1.4.0/stm32cubeide/plugins/com.st.stm32cube.ide.mcu.externaltools.gnu-tools-for-stm32.7-2018-q2-update.win32_1.5.0.202011040924/tools/bin/../lib/gcc/arm-none-eabi/7.3.1/thumb/v7e-m/fpv5/hard/crti.o
LOAD c:/st/stm32cubeide_1.4.0/stm32cubeide/plugins/com.st.stm32cube.ide.mcu.externaltools.gnu-tools-for-stm32.7-2018-q2-update.win32_1.5.0.202011040924/tools/bin/../lib/gcc/arm-none-eabi/7.3.1/thumb/v7e-m/fpv5/hard/crtbegin.o
LOAD c:/st/stm32cubeide_1.4.0/stm32cubeide/plugins/com.st.stm32cube.ide.mcu.externaltools.gnu-tools-for-stm32.7-2018-q2-update.win32_1.5.0.202011040924/tools/bin/../lib/gcc/arm-none-eabi/7.3.1/../../../../arm-none-eabi/lib/thumb/v7e-m/fpv5/hard/crt0.o
LOAD Core/Src/Dev_Inf.o
LOAD Core/Src/Loader_Src.o
LOAD Core/Src/gpio.o
LOAD Core/Src/main.o
LOAD Core/Src/quadspi.o
LOAD Core/Src/stm32f7xx_hal_msp.o
LOAD Core/Src/stm32f7xx_it.o
LOAD Core/Src/syscalls.o
LOAD Core/Src/sysmem.o
LOAD Core/Src/system_stm32f7xx.o
LOAD Core/Src/usart.o
LOAD Core/Startup/startup_stm32f767igtx.o
LOAD Drivers/STM32F7xx_HAL_Driver/Src/stm32f7xx_hal.o
LOAD Drivers/STM32F7xx_HAL_Driver/Src/stm32f7xx_hal_cortex.o
LOAD Drivers/STM32F7xx_HAL_Driver/Src/stm32f7xx_hal_dma.o
LOAD Drivers/STM32F7xx_HAL_Driver/Src/stm32f7xx_hal_dma_ex.o
LOAD Drivers/STM32F7xx_HAL_Driver/Src/stm32f7xx_hal_exti.o
LOAD Drivers/STM32F7xx_HAL_Driver/Src/stm32f7xx_hal_flash.o
LOAD Drivers/STM32F7xx_HAL_Driver/Src/stm32f7xx_hal_flash_ex.o
LOAD Drivers/STM32F7xx_HAL_Driver/Src/stm32f7xx_hal_gpio.o
LOAD Drivers/STM32F7xx_HAL_Driver/Src/stm32f7xx_hal_i2c.o
LOAD Drivers/STM32F7xx_HAL_Driver/Src/stm32f7xx_hal_i2c_ex.o
LOAD Drivers/STM32F7xx_HAL_Driver/Src/stm32f7xx_hal_pwr.o
LOAD Drivers/STM32F7xx_HAL_Driver/Src/stm32f7xx_hal_pwr_ex.o
LOAD Drivers/STM32F7xx_HAL_Driver/Src/stm32f7xx_hal_qspi.o
LOAD Drivers/STM32F7xx_HAL_Driver/Src/stm32f7xx_hal_rcc.o
LOAD Drivers/STM32F7xx_HAL_Driver/Src/stm32f7xx_hal_rcc_ex.o
LOAD Drivers/STM32F7xx_HAL_Driver/Src/stm32f7xx_hal_tim.o
LOAD Drivers/STM32F7xx_HAL_Driver/Src/stm32f7xx_hal_tim_ex.o
LOAD Drivers/STM32F7xx_HAL_Driver/Src/stm32f7xx_hal_uart.o
LOAD Drivers/STM32F7xx_HAL_Driver/Src/stm32f7xx_hal_uart_ex.o
START GROUP
LOAD c:/st/stm32cubeide_1.4.0/stm32cubeide/plugins/com.st.stm32cube.ide.mcu.externaltools.gnu-tools-for-stm32.7-2018-q2-update.win32_1.5.0.202011040924/tools/bin/../lib/gcc/arm-none-eabi/7.3.1/../../../../arm-none-eabi/lib/thumb/v7e-m/fpv5/hard\libc_nano.a
LOAD c:/st/stm32cubeide_1.4.0/stm32cubeide/plugins/com.st.stm32cube.ide.mcu.externaltools.gnu-tools-for-stm32.7-2018-q2-update.win32_1.5.0.202011040924/tools/bin/../lib/gcc/arm-none-eabi/7.3.1/../../../../arm-none-eabi/lib/thumb/v7e-m/fpv5/hard\libm.a
END GROUP
START GROUP
LOAD c:/st/stm32cubeide_1.4.0/stm32cubeide/plugins/com.st.stm32cube.ide.mcu.externaltools.gnu-tools-for-stm32.7-2018-q2-update.win32_1.5.0.202011040924/tools/bin/../lib/gcc/arm-none-eabi/7.3.1/thumb/v7e-m/fpv5/hard\libgcc.a
LOAD c:/st/stm32cubeide_1.4.0/stm32cubeide/plugins/com.st.stm32cube.ide.mcu.externaltools.gnu-tools-for-stm32.7-2018-q2-update.win32_1.5.0.202011040924/tools/bin/../lib/gcc/arm-none-eabi/7.3.1/../../../../arm-none-eabi/lib/thumb/v7e-m/fpv5/hard\libc_nano.a
END GROUP
START GROUP
LOAD c:/st/stm32cubeide_1.4.0/stm32cubeide/plugins/com.st.stm32cube.ide.mcu.externaltools.gnu-tools-for-stm32.7-2018-q2-update.win32_1.5.0.202011040924/tools/bin/../lib/gcc/arm-none-eabi/7.3.1/thumb/v7e-m/fpv5/hard\libgcc.a
LOAD c:/st/stm32cubeide_1.4.0/stm32cubeide/plugins/com.st.stm32cube.ide.mcu.externaltools.gnu-tools-for-stm32.7-2018-q2-update.win32_1.5.0.202011040924/tools/bin/../lib/gcc/arm-none-eabi/7.3.1/../../../../arm-none-eabi/lib/thumb/v7e-m/fpv5/hard\libc_nano.a
LOAD c:/st/stm32cubeide_1.4.0/stm32cubeide/plugins/com.st.stm32cube.ide.mcu.externaltools.gnu-tools-for-stm32.7-2018-q2-update.win32_1.5.0.202011040924/tools/bin/../lib/gcc/arm-none-eabi/7.3.1/../../../../arm-none-eabi/lib/thumb/v7e-m/fpv5/hard\libnosys.a
END GROUP
START GROUP
LOAD c:/st/stm32cubeide_1.4.0/stm32cubeide/plugins/com.st.stm32cube.ide.mcu.externaltools.gnu-tools-for-stm32.7-2018-q2-update.win32_1.5.0.202011040924/tools/bin/../lib/gcc/arm-none-eabi/7.3.1/thumb/v7e-m/fpv5/hard\libgcc.a
LOAD c:/st/stm32cubeide_1.4.0/stm32cubeide/plugins/com.st.stm32cube.ide.mcu.externaltools.gnu-tools-for-stm32.7-2018-q2-update.win32_1.5.0.202011040924/tools/bin/../lib/gcc/arm-none-eabi/7.3.1/../../../../arm-none-eabi/lib/thumb/v7e-m/fpv5/hard\libc_nano.a
LOAD c:/st/stm32cubeide_1.4.0/stm32cubeide/plugins/com.st.stm32cube.ide.mcu.externaltools.gnu-tools-for-stm32.7-2018-q2-update.win32_1.5.0.202011040924/tools/bin/../lib/gcc/arm-none-eabi/7.3.1/../../../../arm-none-eabi/lib/thumb/v7e-m/fpv5/hard\libnosys.a
END GROUP
LOAD c:/st/stm32cubeide_1.4.0/stm32cubeide/plugins/com.st.stm32cube.ide.mcu.externaltools.gnu-tools-for-stm32.7-2018-q2-update.win32_1.5.0.202011040924/tools/bin/../lib/gcc/arm-none-eabi/7.3.1/thumb/v7e-m/fpv5/hard/crtend.o
LOAD c:/st/stm32cubeide_1.4.0/stm32cubeide/plugins/com.st.stm32cube.ide.mcu.externaltools.gnu-tools-for-stm32.7-2018-q2-update.win32_1.5.0.202011040924/tools/bin/../lib/gcc/arm-none-eabi/7.3.1/thumb/v7e-m/fpv5/hard/crtn.o
                0x0000000020080000                _estack = (ORIGIN (RAM) + LENGTH (RAM))
                0x0000000000000200                _Min_Heap_Size = 0x200
                0x0000000000000400                _Min_Stack_Size = 0x400

.isr_vector     0x0000000008000000      0x1f8
                0x0000000008000000                . = ALIGN (0x4)
 *(.isr_vector)
 .isr_vector    0x0000000008000000      0x1f8 Core/Startup/startup_stm32f767igtx.o
                0x0000000008000000                g_pfnVectors
                0x00000000080001f8                . = ALIGN (0x4)

.text           0x00000000080001f8     0x4270
                0x00000000080001f8                . = ALIGN (0x4)
 *(.text)
 .text          0x00000000080001f8       0x40 c:/st/stm32cubeide_1.4.0/stm32cubeide/plugins/com.st.stm32cube.ide.mcu.externaltools.gnu-tools-for-stm32.7-2018-q2-update.win32_1.5.0.202011040924/tools/bin/../lib/gcc/arm-none-eabi/7.3.1/thumb/v7e-m/fpv5/hard/crtbegin.o
 .text          0x0000000008000238       0x30 c:/st/stm32cubeide_1.4.0/stm32cubeide/plugins/com.st.stm32cube.ide.mcu.externaltools.gnu-tools-for-stm32.7-2018-q2-update.win32_1.5.0.202011040924/tools/bin/../lib/gcc/arm-none-eabi/7.3.1/thumb/v7e-m/fpv5/hard\libgcc.a(_aeabi_uldivmod.o)
                0x0000000008000238                __aeabi_uldivmod
 .text          0x0000000008000268      0x2cc c:/st/stm32cubeide_1.4.0/stm32cubeide/plugins/com.st.stm32cube.ide.mcu.externaltools.gnu-tools-for-stm32.7-2018-q2-update.win32_1.5.0.202011040924/tools/bin/../lib/gcc/arm-none-eabi/7.3.1/thumb/v7e-m/fpv5/hard\libgcc.a(_udivmoddi4.o)
                0x0000000008000268                __udivmoddi4
 .text          0x0000000008000534        0x4 c:/st/stm32cubeide_1.4.0/stm32cubeide/plugins/com.st.stm32cube.ide.mcu.externaltools.gnu-tools-for-stm32.7-2018-q2-update.win32_1.5.0.202011040924/tools/bin/../lib/gcc/arm-none-eabi/7.3.1/thumb/v7e-m/fpv5/hard\libgcc.a(_dvmd_tls.o)
                0x0000000008000534                __aeabi_idiv0
                0x0000000008000534                __aeabi_ldiv0
 *(.text*)
 .text.MX_GPIO_Init
                0x0000000008000538       0x78 Core/Src/gpio.o
                0x0000000008000538                MX_GPIO_Init
 .text.main     0x00000000080005b0      0x164 Core/Src/main.o
                0x00000000080005b0                main
 .text.SystemClock_Config
                0x0000000008000714      0x120 Core/Src/main.o
                0x0000000008000714                SystemClock_Config
 .text.Error_Handler
                0x0000000008000834        0x8 Core/Src/main.o
                0x0000000008000834                Error_Handler
 .text.MX_QUADSPI_Init
                0x000000000800083c       0x58 Core/Src/quadspi.o
                0x000000000800083c                MX_QUADSPI_Init
 .text.HAL_QSPI_MspInit
                0x0000000008000894      0x10c Core/Src/quadspi.o
                0x0000000008000894                HAL_QSPI_MspInit
 .text.HAL_QSPI_MspDeInit
                0x00000000080009a0       0x48 Core/Src/quadspi.o
                0x00000000080009a0                HAL_QSPI_MspDeInit
 .text.CSP_QUADSPI_Init
                0x00000000080009e8       0x84 Core/Src/quadspi.o
                0x00000000080009e8                CSP_QUADSPI_Init
 .text.QSPI_AutoPollingMemReady
                0x0000000008000a6c       0x90 Core/Src/quadspi.o
 .text.QSPI_WriteEnable
                0x0000000008000afc       0xc0 Core/Src/quadspi.o
 .text.QSPI_QPIModeEnable
                0x0000000008000bbc      0x1a0 Core/Src/quadspi.o
 .text.QSPI_Configuration
                0x0000000008000d5c       0xc8 Core/Src/quadspi.o
 .text.CSP_QSPI_EraseSector
                0x0000000008000e24       0xa4 Core/Src/quadspi.o
                0x0000000008000e24                CSP_QSPI_EraseSector
 .text.CSP_QSPI_WriteMemory
                0x0000000008000ec8      0x118 Core/Src/quadspi.o
                0x0000000008000ec8                CSP_QSPI_WriteMemory
 .text.CSP_QSPI_EnableMemoryMappedMode
                0x0000000008000fe0       0x68 Core/Src/quadspi.o
                0x0000000008000fe0                CSP_QSPI_EnableMemoryMappedMode
 .text.QSPI_ResetChip
                0x0000000008001048       0xb0 Core/Src/quadspi.o
 .text.HAL_MspInit
                0x00000000080010f8       0x48 Core/Src/stm32f7xx_hal_msp.o
                0x00000000080010f8                HAL_MspInit
 .text.NMI_Handler
                0x0000000008001140        0x6 Core/Src/stm32f7xx_it.o
                0x0000000008001140                NMI_Handler
 .text.HardFault_Handler
                0x0000000008001146        0x6 Core/Src/stm32f7xx_it.o
                0x0000000008001146                HardFault_Handler
 .text.MemManage_Handler
                0x000000000800114c        0x6 Core/Src/stm32f7xx_it.o
                0x000000000800114c                MemManage_Handler
 .text.BusFault_Handler
                0x0000000008001152        0x6 Core/Src/stm32f7xx_it.o
                0x0000000008001152                BusFault_Handler
 .text.UsageFault_Handler
                0x0000000008001158        0x6 Core/Src/stm32f7xx_it.o
                0x0000000008001158                UsageFault_Handler
 .text.SVC_Handler
                0x000000000800115e        0xe Core/Src/stm32f7xx_it.o
                0x000000000800115e                SVC_Handler
 .text.DebugMon_Handler
                0x000000000800116c        0xe Core/Src/stm32f7xx_it.o
                0x000000000800116c                DebugMon_Handler
 .text.PendSV_Handler
                0x000000000800117a        0xe Core/Src/stm32f7xx_it.o
                0x000000000800117a                PendSV_Handler
 .text.SysTick_Handler
                0x0000000008001188        0xc Core/Src/stm32f7xx_it.o
                0x0000000008001188                SysTick_Handler
 .text.USART1_IRQHandler
                0x0000000008001194       0x14 Core/Src/stm32f7xx_it.o
                0x0000000008001194                USART1_IRQHandler
 .text.SystemInit
                0x00000000080011a8       0x2c Core/Src/system_stm32f7xx.o
                0x00000000080011a8                SystemInit
 .text.MX_USART1_UART_Init
                0x00000000080011d4       0x60 Core/Src/usart.o
                0x00000000080011d4                MX_USART1_UART_Init
 .text.HAL_UART_MspInit
                0x0000000008001234       0x98 Core/Src/usart.o
                0x0000000008001234                HAL_UART_MspInit
 .text.Reset_Handler
                0x00000000080012cc       0x50 Core/Startup/startup_stm32f767igtx.o
                0x00000000080012cc                Reset_Handler
 .text.Default_Handler
                0x000000000800131c        0x2 Core/Startup/startup_stm32f767igtx.o
                0x000000000800131c                RTC_Alarm_IRQHandler
                0x000000000800131c                EXTI2_IRQHandler
                0x000000000800131c                TIM8_CC_IRQHandler
                0x000000000800131c                UART8_IRQHandler
                0x000000000800131c                SPI4_IRQHandler
                0x000000000800131c                TIM1_CC_IRQHandler
                0x000000000800131c                DMA2_Stream5_IRQHandler
                0x000000000800131c                JPEG_IRQHandler
                0x000000000800131c                DMA1_Stream5_IRQHandler
                0x000000000800131c                CAN3_RX1_IRQHandler
                0x000000000800131c                PVD_IRQHandler
                0x000000000800131c                TAMP_STAMP_IRQHandler
                0x000000000800131c                CAN2_RX1_IRQHandler
                0x000000000800131c                EXTI3_IRQHandler
                0x000000000800131c                TIM8_TRG_COM_TIM14_IRQHandler
                0x000000000800131c                DFSDM1_FLT1_IRQHandler
                0x000000000800131c                TIM1_UP_TIM10_IRQHandler
                0x000000000800131c                TIM8_UP_TIM13_IRQHandler
                0x000000000800131c                I2C3_ER_IRQHandler
                0x000000000800131c                DFSDM1_FLT2_IRQHandler
                0x000000000800131c                EXTI0_IRQHandler
                0x000000000800131c                I2C2_EV_IRQHandler
                0x000000000800131c                DMA1_Stream2_IRQHandler
                0x000000000800131c                CAN1_RX0_IRQHandler
                0x000000000800131c                FPU_IRQHandler
                0x000000000800131c                OTG_HS_WKUP_IRQHandler
                0x000000000800131c                CAN3_SCE_IRQHandler
                0x000000000800131c                LTDC_ER_IRQHandler
                0x000000000800131c                CAN2_SCE_IRQHandler
                0x000000000800131c                DMA2_Stream2_IRQHandler
                0x000000000800131c                SPI1_IRQHandler
                0x000000000800131c                TIM6_DAC_IRQHandler
                0x000000000800131c                TIM1_BRK_TIM9_IRQHandler
                0x000000000800131c                DCMI_IRQHandler
                0x000000000800131c                CAN2_RX0_IRQHandler
                0x000000000800131c                DMA2_Stream3_IRQHandler
                0x000000000800131c                SAI2_IRQHandler
                0x000000000800131c                DFSDM1_FLT3_IRQHandler
                0x000000000800131c                USART6_IRQHandler
                0x000000000800131c                CAN3_RX0_IRQHandler
                0x000000000800131c                USART3_IRQHandler
                0x000000000800131c                CAN1_RX1_IRQHandler
                0x000000000800131c                UART5_IRQHandler
                0x000000000800131c                DMA2_Stream0_IRQHandler
                0x000000000800131c                TIM4_IRQHandler
                0x000000000800131c                QUADSPI_IRQHandler
                0x000000000800131c                I2C1_EV_IRQHandler
                0x000000000800131c                DMA1_Stream6_IRQHandler
                0x000000000800131c                DMA1_Stream1_IRQHandler
                0x000000000800131c                UART4_IRQHandler
                0x000000000800131c                TIM3_IRQHandler
                0x000000000800131c                RCC_IRQHandler
                0x000000000800131c                TIM8_BRK_TIM12_IRQHandler
                0x000000000800131c                Default_Handler
                0x000000000800131c                CEC_IRQHandler
                0x000000000800131c                EXTI15_10_IRQHandler
                0x000000000800131c                ADC_IRQHandler
                0x000000000800131c                DMA1_Stream7_IRQHandler
                0x000000000800131c                SPI5_IRQHandler
                0x000000000800131c                TIM7_IRQHandler
                0x000000000800131c                SDMMC1_IRQHandler
                0x000000000800131c                CAN2_TX_IRQHandler
                0x000000000800131c                TIM5_IRQHandler
                0x000000000800131c                DMA2_Stream7_IRQHandler
                0x000000000800131c                I2C3_EV_IRQHandler
                0x000000000800131c                EXTI9_5_IRQHandler
                0x000000000800131c                RTC_WKUP_IRQHandler
                0x000000000800131c                LTDC_IRQHandler
                0x000000000800131c                ETH_WKUP_IRQHandler
                0x000000000800131c                SPDIF_RX_IRQHandler
                0x000000000800131c                SPI2_IRQHandler
                0x000000000800131c                OTG_HS_EP1_IN_IRQHandler
                0x000000000800131c                DMA1_Stream0_IRQHandler
                0x000000000800131c                CAN1_TX_IRQHandler
                0x000000000800131c                EXTI4_IRQHandler
                0x000000000800131c                RNG_IRQHandler
                0x000000000800131c                ETH_IRQHandler
                0x000000000800131c                OTG_HS_EP1_OUT_IRQHandler
                0x000000000800131c                WWDG_IRQHandler
                0x000000000800131c                SPI6_IRQHandler
                0x000000000800131c                MDIOS_IRQHandler
                0x000000000800131c                I2C4_EV_IRQHandler
                0x000000000800131c                CAN3_TX_IRQHandler
                0x000000000800131c                TIM2_IRQHandler
                0x000000000800131c                OTG_FS_WKUP_IRQHandler
                0x000000000800131c                TIM1_TRG_COM_TIM11_IRQHandler
                0x000000000800131c                OTG_HS_IRQHandler
                0x000000000800131c                DMA2D_IRQHandler
                0x000000000800131c                EXTI1_IRQHandler
                0x000000000800131c                SDMMC2_IRQHandler
                0x000000000800131c                UART7_IRQHandler
                0x000000000800131c                USART2_IRQHandler
                0x000000000800131c                DFSDM1_FLT0_IRQHandler
                0x000000000800131c                I2C2_ER_IRQHandler
                0x000000000800131c                DMA2_Stream1_IRQHandler
                0x000000000800131c                CAN1_SCE_IRQHandler
                0x000000000800131c                FLASH_IRQHandler
                0x000000000800131c                DMA2_Stream4_IRQHandler
                0x000000000800131c                OTG_FS_IRQHandler
                0x000000000800131c                SPI3_IRQHandler
                0x000000000800131c                DMA1_Stream4_IRQHandler
                0x000000000800131c                I2C1_ER_IRQHandler
                0x000000000800131c                FMC_IRQHandler
                0x000000000800131c                LPTIM1_IRQHandler
                0x000000000800131c                I2C4_ER_IRQHandler
                0x000000000800131c                DMA2_Stream6_IRQHandler
                0x000000000800131c                SAI1_IRQHandler
                0x000000000800131c                DMA1_Stream3_IRQHandler
 .text.HAL_Init
                0x000000000800131e       0x1a Drivers/STM32F7xx_HAL_Driver/Src/stm32f7xx_hal.o
                0x000000000800131e                HAL_Init
 .text.HAL_InitTick
                0x0000000008001338       0x60 Drivers/STM32F7xx_HAL_Driver/Src/stm32f7xx_hal.o
                0x0000000008001338                HAL_InitTick
 .text.HAL_IncTick
                0x0000000008001398       0x28 Drivers/STM32F7xx_HAL_Driver/Src/stm32f7xx_hal.o
                0x0000000008001398                HAL_IncTick
 .text.HAL_GetTick
                0x00000000080013c0       0x18 Drivers/STM32F7xx_HAL_Driver/Src/stm32f7xx_hal.o
                0x00000000080013c0                HAL_GetTick
 .text.HAL_Delay
                0x00000000080013d8       0x44 Drivers/STM32F7xx_HAL_Driver/Src/stm32f7xx_hal.o
                0x00000000080013d8                HAL_Delay
 .text.__NVIC_SetPriorityGrouping
                0x000000000800141c       0x48 Drivers/STM32F7xx_HAL_Driver/Src/stm32f7xx_hal_cortex.o
 .text.__NVIC_GetPriorityGrouping
                0x0000000008001464       0x1c Drivers/STM32F7xx_HAL_Driver/Src/stm32f7xx_hal_cortex.o
 .text.__NVIC_EnableIRQ
                0x0000000008001480       0x3c Drivers/STM32F7xx_HAL_Driver/Src/stm32f7xx_hal_cortex.o
 .text.__NVIC_SetPriority
                0x00000000080014bc       0x54 Drivers/STM32F7xx_HAL_Driver/Src/stm32f7xx_hal_cortex.o
 .text.NVIC_EncodePriority
                0x0000000008001510       0x66 Drivers/STM32F7xx_HAL_Driver/Src/stm32f7xx_hal_cortex.o
 *fill*         0x0000000008001576        0x2 
 .text.SysTick_Config
                0x0000000008001578       0x44 Drivers/STM32F7xx_HAL_Driver/Src/stm32f7xx_hal_cortex.o
 .text.HAL_NVIC_SetPriorityGrouping
                0x00000000080015bc       0x16 Drivers/STM32F7xx_HAL_Driver/Src/stm32f7xx_hal_cortex.o
                0x00000000080015bc                HAL_NVIC_SetPriorityGrouping
 .text.HAL_NVIC_SetPriority
                0x00000000080015d2       0x38 Drivers/STM32F7xx_HAL_Driver/Src/stm32f7xx_hal_cortex.o
                0x00000000080015d2                HAL_NVIC_SetPriority
 .text.HAL_NVIC_EnableIRQ
                0x000000000800160a       0x1c Drivers/STM32F7xx_HAL_Driver/Src/stm32f7xx_hal_cortex.o
                0x000000000800160a                HAL_NVIC_EnableIRQ
 .text.HAL_SYSTICK_Config
                0x0000000008001626       0x18 Drivers/STM32F7xx_HAL_Driver/Src/stm32f7xx_hal_cortex.o
                0x0000000008001626                HAL_SYSTICK_Config
 .text.HAL_DMA_Abort_IT
                0x000000000800163e       0x44 Drivers/STM32F7xx_HAL_Driver/Src/stm32f7xx_hal_dma.o
                0x000000000800163e                HAL_DMA_Abort_IT
 *fill*         0x0000000008001682        0x2 
 .text.HAL_GPIO_Init
                0x0000000008001684      0x354 Drivers/STM32F7xx_HAL_Driver/Src/stm32f7xx_hal_gpio.o
                0x0000000008001684                HAL_GPIO_Init
 .text.HAL_GPIO_DeInit
                0x00000000080019d8      0x214 Drivers/STM32F7xx_HAL_Driver/Src/stm32f7xx_hal_gpio.o
                0x00000000080019d8                HAL_GPIO_DeInit
 .text.HAL_I2CEx_EnableFastModePlus
                0x0000000008001bec       0x40 Drivers/STM32F7xx_HAL_Driver/Src/stm32f7xx_hal_i2c_ex.o
                0x0000000008001bec                HAL_I2CEx_EnableFastModePlus
 .text.HAL_PWREx_EnableOverDrive
                0x0000000008001c2c       0xa0 Drivers/STM32F7xx_HAL_Driver/Src/stm32f7xx_hal_pwr_ex.o
                0x0000000008001c2c                HAL_PWREx_EnableOverDrive
 .text.HAL_QSPI_Init
                0x0000000008001ccc       0xf8 Drivers/STM32F7xx_HAL_Driver/Src/stm32f7xx_hal_qspi.o
                0x0000000008001ccc                HAL_QSPI_Init
 .text.HAL_QSPI_DeInit
                0x0000000008001dc4       0x48 Drivers/STM32F7xx_HAL_Driver/Src/stm32f7xx_hal_qspi.o
                0x0000000008001dc4                HAL_QSPI_DeInit
 .text.HAL_QSPI_Command
                0x0000000008001e0c       0xbc Drivers/STM32F7xx_HAL_Driver/Src/stm32f7xx_hal_qspi.o
                0x0000000008001e0c                HAL_QSPI_Command
 .text.HAL_QSPI_Transmit
                0x0000000008001ec8      0x124 Drivers/STM32F7xx_HAL_Driver/Src/stm32f7xx_hal_qspi.o
                0x0000000008001ec8                HAL_QSPI_Transmit
 .text.HAL_QSPI_Receive
                0x0000000008001fec      0x13a Drivers/STM32F7xx_HAL_Driver/Src/stm32f7xx_hal_qspi.o
                0x0000000008001fec                HAL_QSPI_Receive
 .text.HAL_QSPI_AutoPolling
                0x0000000008002126       0xee Drivers/STM32F7xx_HAL_Driver/Src/stm32f7xx_hal_qspi.o
                0x0000000008002126                HAL_QSPI_AutoPolling
 .text.HAL_QSPI_MemoryMapped
                0x0000000008002214       0xc4 Drivers/STM32F7xx_HAL_Driver/Src/stm32f7xx_hal_qspi.o
                0x0000000008002214                HAL_QSPI_MemoryMapped
 .text.HAL_QSPI_SetTimeout
                0x00000000080022d8       0x1c Drivers/STM32F7xx_HAL_Driver/Src/stm32f7xx_hal_qspi.o
                0x00000000080022d8                HAL_QSPI_SetTimeout
 .text.QSPI_WaitFlagStateUntilTimeout
                0x00000000080022f4       0x6e Drivers/STM32F7xx_HAL_Driver/Src/stm32f7xx_hal_qspi.o
 .text.QSPI_Config
                0x0000000008002362      0x30c Drivers/STM32F7xx_HAL_Driver/Src/stm32f7xx_hal_qspi.o
 *fill*         0x000000000800266e        0x2 
 .text.HAL_RCC_OscConfig
                0x0000000008002670      0x55c Drivers/STM32F7xx_HAL_Driver/Src/stm32f7xx_hal_rcc.o
                0x0000000008002670                HAL_RCC_OscConfig
 .text.HAL_RCC_ClockConfig
                0x0000000008002bcc      0x1d8 Drivers/STM32F7xx_HAL_Driver/Src/stm32f7xx_hal_rcc.o
                0x0000000008002bcc                HAL_RCC_ClockConfig
 .text.HAL_RCC_GetSysClockFreq
                0x0000000008002da4      0x164 Drivers/STM32F7xx_HAL_Driver/Src/stm32f7xx_hal_rcc.o
                0x0000000008002da4                HAL_RCC_GetSysClockFreq
 .text.HAL_RCC_GetHCLKFreq
                0x0000000008002f08       0x18 Drivers/STM32F7xx_HAL_Driver/Src/stm32f7xx_hal_rcc.o
                0x0000000008002f08                HAL_RCC_GetHCLKFreq
 .text.HAL_RCC_GetPCLK1Freq
                0x0000000008002f20       0x28 Drivers/STM32F7xx_HAL_Driver/Src/stm32f7xx_hal_rcc.o
                0x0000000008002f20                HAL_RCC_GetPCLK1Freq
 .text.HAL_RCC_GetPCLK2Freq
                0x0000000008002f48       0x28 Drivers/STM32F7xx_HAL_Driver/Src/stm32f7xx_hal_rcc.o
                0x0000000008002f48                HAL_RCC_GetPCLK2Freq
 .text.HAL_RCCEx_PeriphCLKConfig
                0x0000000008002f70      0x84c Drivers/STM32F7xx_HAL_Driver/Src/stm32f7xx_hal_rcc_ex.o
                0x0000000008002f70                HAL_RCCEx_PeriphCLKConfig
 .text.HAL_UART_Init
                0x00000000080037bc       0x9c Drivers/STM32F7xx_HAL_Driver/Src/stm32f7xx_hal_uart.o
                0x00000000080037bc                HAL_UART_Init
 .text.HAL_UART_IRQHandler
                0x0000000008003858      0x28c Drivers/STM32F7xx_HAL_Driver/Src/stm32f7xx_hal_uart.o
                0x0000000008003858                HAL_UART_IRQHandler
 .text.HAL_UART_TxCpltCallback
                0x0000000008003ae4       0x14 Drivers/STM32F7xx_HAL_Driver/Src/stm32f7xx_hal_uart.o
                0x0000000008003ae4                HAL_UART_TxCpltCallback
 .text.HAL_UART_ErrorCallback
                0x0000000008003af8       0x14 Drivers/STM32F7xx_HAL_Driver/Src/stm32f7xx_hal_uart.o
                0x0000000008003af8                HAL_UART_ErrorCallback
 .text.HAL_UARTEx_WakeupCallback
                0x0000000008003b0c       0x14 Drivers/STM32F7xx_HAL_Driver/Src/stm32f7xx_hal_uart.o
                0x0000000008003b0c                HAL_UARTEx_WakeupCallback
 .text.UART_SetConfig
                0x0000000008003b20      0x554 Drivers/STM32F7xx_HAL_Driver/Src/stm32f7xx_hal_uart.o
                0x0000000008003b20                UART_SetConfig
 .text.UART_AdvFeatureConfig
                0x0000000008004074      0x144 Drivers/STM32F7xx_HAL_Driver/Src/stm32f7xx_hal_uart.o
                0x0000000008004074                UART_AdvFeatureConfig
 .text.UART_CheckIdleState
                0x00000000080041b8       0x8a Drivers/STM32F7xx_HAL_Driver/Src/stm32f7xx_hal_uart.o
                0x00000000080041b8                UART_CheckIdleState
 .text.UART_WaitOnFlagUntilTimeout
                0x0000000008004242       0xf6 Drivers/STM32F7xx_HAL_Driver/Src/stm32f7xx_hal_uart.o
                0x0000000008004242                UART_WaitOnFlagUntilTimeout
 .text.UART_EndRxTransfer
                0x0000000008004338       0x40 Drivers/STM32F7xx_HAL_Driver/Src/stm32f7xx_hal_uart.o
 .text.UART_DMAAbortOnError
                0x0000000008004378       0x2c Drivers/STM32F7xx_HAL_Driver/Src/stm32f7xx_hal_uart.o
 .text.UART_EndTransmit_IT
                0x00000000080043a4       0x32 Drivers/STM32F7xx_HAL_Driver/Src/stm32f7xx_hal_uart.o
 *fill*         0x00000000080043d6        0x2 
 .text.__libc_init_array
                0x00000000080043d8       0x48 c:/st/stm32cubeide_1.4.0/stm32cubeide/plugins/com.st.stm32cube.ide.mcu.externaltools.gnu-tools-for-stm32.7-2018-q2-update.win32_1.5.0.202011040924/tools/bin/../lib/gcc/arm-none-eabi/7.3.1/../../../../arm-none-eabi/lib/thumb/v7e-m/fpv5/hard\libc_nano.a(lib_a-init.o)
                0x00000000080043d8                __libc_init_array
 .text.memcmp   0x0000000008004420       0x1e c:/st/stm32cubeide_1.4.0/stm32cubeide/plugins/com.st.stm32cube.ide.mcu.externaltools.gnu-tools-for-stm32.7-2018-q2-update.win32_1.5.0.202011040924/tools/bin/../lib/gcc/arm-none-eabi/7.3.1/../../../../arm-none-eabi/lib/thumb/v7e-m/fpv5/hard\libc_nano.a(lib_a-memcmp.o)
                0x0000000008004420                memcmp
 .text.memset   0x000000000800443e       0x10 c:/st/stm32cubeide_1.4.0/stm32cubeide/plugins/com.st.stm32cube.ide.mcu.externaltools.gnu-tools-for-stm32.7-2018-q2-update.win32_1.5.0.202011040924/tools/bin/../lib/gcc/arm-none-eabi/7.3.1/../../../../arm-none-eabi/lib/thumb/v7e-m/fpv5/hard\libc_nano.a(lib_a-memset.o)
                0x000000000800443e                memset
 *(.glue_7)
 .glue_7        0x000000000800444e        0x0 linker stubs
 *(.glue_7t)
 .glue_7t       0x000000000800444e        0x0 linker stubs
 *(.eh_frame)
 *fill*         0x000000000800444e        0x2 
 .eh_frame      0x0000000008004450        0x0 c:/st/stm32cubeide_1.4.0/stm32cubeide/plugins/com.st.stm32cube.ide.mcu.externaltools.gnu-tools-for-stm32.7-2018-q2-update.win32_1.5.0.202011040924/tools/bin/../lib/gcc/arm-none-eabi/7.3.1/thumb/v7e-m/fpv5/hard/crtbegin.o
 *(.init)
 .init          0x0000000008004450        0x4 c:/st/stm32cubeide_1.4.0/stm32cubeide/plugins/com.st.stm32cube.ide.mcu.externaltools.gnu-tools-for-stm32.7-2018-q2-update.win32_1.5.0.202011040924/tools/bin/../lib/gcc/arm-none-eabi/7.3.1/thumb/v7e-m/fpv5/hard/crti.o
                0x0000000008004450                _init
 .init          0x0000000008004454        0x8 c:/st/stm32cubeide_1.4.0/stm32cubeide/plugins/com.st.stm32cube.ide.mcu.externaltools.gnu-tools-for-stm32.7-2018-q2-update.win32_1.5.0.202011040924/tools/bin/../lib/gcc/arm-none-eabi/7.3.1/thumb/v7e-m/fpv5/hard/crtn.o
 *(.fini)
 .fini          0x000000000800445c        0x4 c:/st/stm32cubeide_1.4.0/stm32cubeide/plugins/com.st.stm32cube.ide.mcu.externaltools.gnu-tools-for-stm32.7-2018-q2-update.win32_1.5.0.202011040924/tools/bin/../lib/gcc/arm-none-eabi/7.3.1/thumb/v7e-m/fpv5/hard/crti.o
                0x000000000800445c                _fini
 .fini          0x0000000008004460        0x8 c:/st/stm32cubeide_1.4.0/stm32cubeide/plugins/com.st.stm32cube.ide.mcu.externaltools.gnu-tools-for-stm32.7-2018-q2-update.win32_1.5.0.202011040924/tools/bin/../lib/gcc/arm-none-eabi/7.3.1/thumb/v7e-m/fpv5/hard/crtn.o
                0x0000000008004468                . = ALIGN (0x4)
                0x0000000008004468                _etext = .

.vfp11_veneer   0x0000000008004468        0x0
 .vfp11_veneer  0x0000000008004468        0x0 linker stubs

.v4_bx          0x0000000008004468        0x0
 .v4_bx         0x0000000008004468        0x0 linker stubs

.iplt           0x0000000008004468        0x0
 .iplt          0x0000000008004468        0x0 c:/st/stm32cubeide_1.4.0/stm32cubeide/plugins/com.st.stm32cube.ide.mcu.externaltools.gnu-tools-for-stm32.7-2018-q2-update.win32_1.5.0.202011040924/tools/bin/../lib/gcc/arm-none-eabi/7.3.1/thumb/v7e-m/fpv5/hard/crtbegin.o

.rodata         0x0000000008004468       0x18
                0x0000000008004468                . = ALIGN (0x4)
 *(.rodata)
 *(.rodata*)
 .rodata.AHBPrescTable
                0x0000000008004468       0x10 Core/Src/system_stm32f7xx.o
                0x0000000008004468                AHBPrescTable
 .rodata.APBPrescTable
                0x0000000008004478        0x8 Core/Src/system_stm32f7xx.o
                0x0000000008004478                APBPrescTable
                0x0000000008004480                . = ALIGN (0x4)

.ARM.extab      0x0000000008004480        0x0
                0x0000000008004480                . = ALIGN (0x4)
 *(.ARM.extab* .gnu.linkonce.armextab.*)
                0x0000000008004480                . = ALIGN (0x4)

.ARM            0x0000000008004480        0x8
                0x0000000008004480                . = ALIGN (0x4)
                0x0000000008004480                __exidx_start = .
 *(.ARM.exidx*)
 .ARM.exidx     0x0000000008004480        0x8 c:/st/stm32cubeide_1.4.0/stm32cubeide/plugins/com.st.stm32cube.ide.mcu.externaltools.gnu-tools-for-stm32.7-2018-q2-update.win32_1.5.0.202011040924/tools/bin/../lib/gcc/arm-none-eabi/7.3.1/thumb/v7e-m/fpv5/hard\libgcc.a(_udivmoddi4.o)
                0x0000000008004488                __exidx_end = .
                0x0000000008004488                . = ALIGN (0x4)

.rel.dyn        0x0000000008004488        0x0
 .rel.iplt      0x0000000008004488        0x0 c:/st/stm32cubeide_1.4.0/stm32cubeide/plugins/com.st.stm32cube.ide.mcu.externaltools.gnu-tools-for-stm32.7-2018-q2-update.win32_1.5.0.202011040924/tools/bin/../lib/gcc/arm-none-eabi/7.3.1/thumb/v7e-m/fpv5/hard/crtbegin.o

.preinit_array  0x0000000008004488        0x0
                0x0000000008004488                . = ALIGN (0x4)
                0x0000000008004488                PROVIDE (__preinit_array_start = .)
 *(.preinit_array*)
                0x0000000008004488                PROVIDE (__preinit_array_end = .)
                0x0000000008004488                . = ALIGN (0x4)

.init_array     0x0000000008004488        0x4
                0x0000000008004488                . = ALIGN (0x4)
                0x0000000008004488                PROVIDE (__init_array_start = .)
 *(SORT_BY_NAME(.init_array.*))
 *(.init_array*)
 .init_array    0x0000000008004488        0x4 c:/st/stm32cubeide_1.4.0/stm32cubeide/plugins/com.st.stm32cube.ide.mcu.externaltools.gnu-tools-for-stm32.7-2018-q2-update.win32_1.5.0.202011040924/tools/bin/../lib/gcc/arm-none-eabi/7.3.1/thumb/v7e-m/fpv5/hard/crtbegin.o
                0x000000000800448c                PROVIDE (__init_array_end = .)
                0x000000000800448c                . = ALIGN (0x4)

.fini_array     0x000000000800448c        0x4
                0x000000000800448c                . = ALIGN (0x4)
                [!provide]                        PROVIDE (__fini_array_start = .)
 *(SORT_BY_NAME(.fini_array.*))
 *(.fini_array*)
 .fini_array    0x000000000800448c        0x4 c:/st/stm32cubeide_1.4.0/stm32cubeide/plugins/com.st.stm32cube.ide.mcu.externaltools.gnu-tools-for-stm32.7-2018-q2-update.win32_1.5.0.202011040924/tools/bin/../lib/gcc/arm-none-eabi/7.3.1/thumb/v7e-m/fpv5/hard/crtbegin.o
                [!provide]                        PROVIDE (__fini_array_end = .)
                0x0000000008004490                . = ALIGN (0x4)
                0x0000000008004490                _sidata = LOADADDR (.data)

.data           0x0000000020000000        0xc load address 0x0000000008004490
                0x0000000020000000                . = ALIGN (0x4)
                0x0000000020000000                _sdata = .
 *(.data)
 *(.data*)
 .data.SystemCoreClock
                0x0000000020000000        0x4 Core/Src/system_stm32f7xx.o
                0x0000000020000000                SystemCoreClock
 .data.uwTickPrio
                0x0000000020000004        0x4 Drivers/STM32F7xx_HAL_Driver/Src/stm32f7xx_hal.o
                0x0000000020000004                uwTickPrio
 .data.uwTickFreq
                0x0000000020000008        0x1 Drivers/STM32F7xx_HAL_Driver/Src/stm32f7xx_hal.o
                0x0000000020000008                uwTickFreq
                0x000000002000000c                . = ALIGN (0x4)
 *fill*         0x0000000020000009        0x3 
                0x000000002000000c                _edata = .

.igot.plt       0x000000002000000c        0x0 load address 0x000000000800449c
 .igot.plt      0x000000002000000c        0x0 c:/st/stm32cubeide_1.4.0/stm32cubeide/plugins/com.st.stm32cube.ide.mcu.externaltools.gnu-tools-for-stm32.7-2018-q2-update.win32_1.5.0.202011040924/tools/bin/../lib/gcc/arm-none-eabi/7.3.1/thumb/v7e-m/fpv5/hard/crtbegin.o
                0x000000002000000c                . = ALIGN (0x4)

.bss            0x000000002000000c       0xf0 load address 0x000000000800449c
                0x000000002000000c                _sbss = .
                0x000000002000000c                __bss_start__ = _sbss
 *(.bss)
 .bss           0x000000002000000c       0x1c c:/st/stm32cubeide_1.4.0/stm32cubeide/plugins/com.st.stm32cube.ide.mcu.externaltools.gnu-tools-for-stm32.7-2018-q2-update.win32_1.5.0.202011040924/tools/bin/../lib/gcc/arm-none-eabi/7.3.1/thumb/v7e-m/fpv5/hard/crtbegin.o
 *(.bss*)
 *(COMMON)
 COMMON         0x0000000020000028       0x50 Core/Src/quadspi.o
                0x0000000020000028                QPI_Mode_Enabled_Flag
                0x000000002000002c                hqspi
 COMMON         0x0000000020000078       0x80 Core/Src/usart.o
                0x0000000020000078                huart1
 COMMON         0x00000000200000f8        0x4 Drivers/STM32F7xx_HAL_Driver/Src/stm32f7xx_hal.o
                0x00000000200000f8                uwTick
                0x00000000200000fc                . = ALIGN (0x4)
                0x00000000200000fc                _ebss = .
                0x00000000200000fc                __bss_end__ = _ebss

._user_heap_stack
                0x00000000200000fc      0x604 load address 0x000000000800449c
                0x0000000020000100                . = ALIGN (0x8)
 *fill*         0x00000000200000fc        0x4 
                [!provide]                        PROVIDE (end = .)
                0x0000000020000100                PROVIDE (_end = .)
                0x0000000020000300                . = (. + _Min_Heap_Size)
 *fill*         0x0000000020000100      0x200 
                0x0000000020000700                . = (. + _Min_Stack_Size)
 *fill*         0x0000000020000300      0x400 
                0x0000000020000700                . = ALIGN (0x8)

/DISCARD/
 libc.a(*)
 libm.a(*)
 libgcc.a(*)

.ARM.attributes
                0x0000000000000000       0x2e
 *(.ARM.attributes)
 .ARM.attributes
                0x0000000000000000       0x20 c:/st/stm32cubeide_1.4.0/stm32cubeide/plugins/com.st.stm32cube.ide.mcu.externaltools.gnu-tools-for-stm32.7-2018-q2-update.win32_1.5.0.202011040924/tools/bin/../lib/gcc/arm-none-eabi/7.3.1/thumb/v7e-m/fpv5/hard/crti.o
 .ARM.attributes
                0x0000000000000020       0x32 c:/st/stm32cubeide_1.4.0/stm32cubeide/plugins/com.st.stm32cube.ide.mcu.externaltools.gnu-tools-for-stm32.7-2018-q2-update.win32_1.5.0.202011040924/tools/bin/../lib/gcc/arm-none-eabi/7.3.1/thumb/v7e-m/fpv5/hard/crtbegin.o
 .ARM.attributes
                0x0000000000000052       0x37 Core/Src/gpio.o
 .ARM.attributes
                0x0000000000000089       0x37 Core/Src/main.o
 .ARM.attributes
                0x00000000000000c0       0x37 Core/Src/quadspi.o
 .ARM.attributes
                0x00000000000000f7       0x37 Core/Src/stm32f7xx_hal_msp.o
 .ARM.attributes
                0x000000000000012e       0x37 Core/Src/stm32f7xx_it.o
 .ARM.attributes
                0x0000000000000165       0x37 Core/Src/system_stm32f7xx.o
 .ARM.attributes
                0x000000000000019c       0x37 Core/Src/usart.o
 .ARM.attributes
                0x00000000000001d3       0x21 Core/Startup/startup_stm32f767igtx.o
 .ARM.attributes
                0x00000000000001f4       0x37 Drivers/STM32F7xx_HAL_Driver/Src/stm32f7xx_hal.o
 .ARM.attributes
                0x000000000000022b       0x37 Drivers/STM32F7xx_HAL_Driver/Src/stm32f7xx_hal_cortex.o
 .ARM.attributes
                0x0000000000000262       0x37 Drivers/STM32F7xx_HAL_Driver/Src/stm32f7xx_hal_dma.o
 .ARM.attributes
                0x0000000000000299       0x37 Drivers/STM32F7xx_HAL_Driver/Src/stm32f7xx_hal_gpio.o
 .ARM.attributes
                0x00000000000002d0       0x37 Drivers/STM32F7xx_HAL_Driver/Src/stm32f7xx_hal_i2c_ex.o
 .ARM.attributes
                0x0000000000000307       0x37 Drivers/STM32F7xx_HAL_Driver/Src/stm32f7xx_hal_pwr_ex.o
 .ARM.attributes
                0x000000000000033e       0x37 Drivers/STM32F7xx_HAL_Driver/Src/stm32f7xx_hal_qspi.o
 .ARM.attributes
                0x0000000000000375       0x37 Drivers/STM32F7xx_HAL_Driver/Src/stm32f7xx_hal_rcc.o
 .ARM.attributes
                0x00000000000003ac       0x37 Drivers/STM32F7xx_HAL_Driver/Src/stm32f7xx_hal_rcc_ex.o
 .ARM.attributes
                0x00000000000003e3       0x37 Drivers/STM32F7xx_HAL_Driver/Src/stm32f7xx_hal_uart.o
 .ARM.attributes
                0x000000000000041a       0x32 c:/st/stm32cubeide_1.4.0/stm32cubeide/plugins/com.st.stm32cube.ide.mcu.externaltools.gnu-tools-for-stm32.7-2018-q2-update.win32_1.5.0.202011040924/tools/bin/../lib/gcc/arm-none-eabi/7.3.1/../../../../arm-none-eabi/lib/thumb/v7e-m/fpv5/hard\libc_nano.a(lib_a-init.o)
 .ARM.attributes
                0x000000000000044c       0x32 c:/st/stm32cubeide_1.4.0/stm32cubeide/plugins/com.st.stm32cube.ide.mcu.externaltools.gnu-tools-for-stm32.7-2018-q2-update.win32_1.5.0.202011040924/tools/bin/../lib/gcc/arm-none-eabi/7.3.1/../../../../arm-none-eabi/lib/thumb/v7e-m/fpv5/hard\libc_nano.a(lib_a-memcmp.o)
 .ARM.attributes
                0x000000000000047e       0x32 c:/st/stm32cubeide_1.4.0/stm32cubeide/plugins/com.st.stm32cube.ide.mcu.externaltools.gnu-tools-for-stm32.7-2018-q2-update.win32_1.5.0.202011040924/tools/bin/../lib/gcc/arm-none-eabi/7.3.1/../../../../arm-none-eabi/lib/thumb/v7e-m/fpv5/hard\libc_nano.a(lib_a-memset.o)
 .ARM.attributes
                0x00000000000004b0       0x20 c:/st/stm32cubeide_1.4.0/stm32cubeide/plugins/com.st.stm32cube.ide.mcu.externaltools.gnu-tools-for-stm32.7-2018-q2-update.win32_1.5.0.202011040924/tools/bin/../lib/gcc/arm-none-eabi/7.3.1/thumb/v7e-m/fpv5/hard\libgcc.a(_aeabi_uldivmod.o)
 .ARM.attributes
                0x00000000000004d0       0x32 c:/st/stm32cubeide_1.4.0/stm32cubeide/plugins/com.st.stm32cube.ide.mcu.externaltools.gnu-tools-for-stm32.7-2018-q2-update.win32_1.5.0.202011040924/tools/bin/../lib/gcc/arm-none-eabi/7.3.1/thumb/v7e-m/fpv5/hard\libgcc.a(_udivmoddi4.o)
 .ARM.attributes
                0x0000000000000502       0x20 c:/st/stm32cubeide_1.4.0/stm32cubeide/plugins/com.st.stm32cube.ide.mcu.externaltools.gnu-tools-for-stm32.7-2018-q2-update.win32_1.5.0.202011040924/tools/bin/../lib/gcc/arm-none-eabi/7.3.1/thumb/v7e-m/fpv5/hard\libgcc.a(_dvmd_tls.o)
 .ARM.attributes
                0x0000000000000522       0x20 c:/st/stm32cubeide_1.4.0/stm32cubeide/plugins/com.st.stm32cube.ide.mcu.externaltools.gnu-tools-for-stm32.7-2018-q2-update.win32_1.5.0.202011040924/tools/bin/../lib/gcc/arm-none-eabi/7.3.1/thumb/v7e-m/fpv5/hard/crtn.o
OUTPUT(W25Q256-STM32F767IGT-OpenDev.elf elf32-littlearm)

.debug_info     0x0000000000000000     0xd2da
 .debug_info    0x0000000000000000      0x3c1 Core/Src/gpio.o
 .debug_info    0x00000000000003c1     0x175e Core/Src/main.o
 .debug_info    0x0000000000001b1f     0x1607 Core/Src/quadspi.o
 .debug_info    0x0000000000003126      0x389 Core/Src/stm32f7xx_hal_msp.o
 .debug_info    0x00000000000034af      0x75c Core/Src/stm32f7xx_it.o
 .debug_info    0x0000000000003c0b      0x73d Core/Src/system_stm32f7xx.o
 .debug_info    0x0000000000004348     0x1541 Core/Src/usart.o
 .debug_info    0x0000000000005889       0x22 Core/Startup/startup_stm32f767igtx.o
 .debug_info    0x00000000000058ab      0xa46 Drivers/STM32F7xx_HAL_Driver/Src/stm32f7xx_hal.o
 .debug_info    0x00000000000062f1     0x108c Drivers/STM32F7xx_HAL_Driver/Src/stm32f7xx_hal_cortex.o
 .debug_info    0x000000000000737d      0x968 Drivers/STM32F7xx_HAL_Driver/Src/stm32f7xx_hal_dma.o
 .debug_info    0x0000000000007ce5      0x7e9 Drivers/STM32F7xx_HAL_Driver/Src/stm32f7xx_hal_gpio.o
 .debug_info    0x00000000000084ce      0x9fb Drivers/STM32F7xx_HAL_Driver/Src/stm32f7xx_hal_i2c_ex.o
 .debug_info    0x0000000000008ec9      0x96b Drivers/STM32F7xx_HAL_Driver/Src/stm32f7xx_hal_pwr_ex.o
 .debug_info    0x0000000000009834     0x1248 Drivers/STM32F7xx_HAL_Driver/Src/stm32f7xx_hal_qspi.o
 .debug_info    0x000000000000aa7c      0x996 Drivers/STM32F7xx_HAL_Driver/Src/stm32f7xx_hal_rcc.o
 .debug_info    0x000000000000b412      0x7d1 Drivers/STM32F7xx_HAL_Driver/Src/stm32f7xx_hal_rcc_ex.o
 .debug_info    0x000000000000bbe3     0x16f7 Drivers/STM32F7xx_HAL_Driver/Src/stm32f7xx_hal_uart.o

.debug_abbrev   0x0000000000000000     0x2012
 .debug_abbrev  0x0000000000000000      0x109 Core/Src/gpio.o
 .debug_abbrev  0x0000000000000109      0x233 Core/Src/main.o
 .debug_abbrev  0x000000000000033c      0x2bf Core/Src/quadspi.o
 .debug_abbrev  0x00000000000005fb      0x109 Core/Src/stm32f7xx_hal_msp.o
 .debug_abbrev  0x0000000000000704      0x149 Core/Src/stm32f7xx_it.o
 .debug_abbrev  0x000000000000084d      0x147 Core/Src/system_stm32f7xx.o
 .debug_abbrev  0x0000000000000994      0x22d Core/Src/usart.o
 .debug_abbrev  0x0000000000000bc1       0x12 Core/Startup/startup_stm32f767igtx.o
 .debug_abbrev  0x0000000000000bd3      0x1c7 Drivers/STM32F7xx_HAL_Driver/Src/stm32f7xx_hal.o
 .debug_abbrev  0x0000000000000d9a      0x2fa Drivers/STM32F7xx_HAL_Driver/Src/stm32f7xx_hal_cortex.o
 .debug_abbrev  0x0000000000001094      0x229 Drivers/STM32F7xx_HAL_Driver/Src/stm32f7xx_hal_dma.o
 .debug_abbrev  0x00000000000012bd      0x1c9 Drivers/STM32F7xx_HAL_Driver/Src/stm32f7xx_hal_gpio.o
 .debug_abbrev  0x0000000000001486      0x19b Drivers/STM32F7xx_HAL_Driver/Src/stm32f7xx_hal_i2c_ex.o
 .debug_abbrev  0x0000000000001621      0x1b8 Drivers/STM32F7xx_HAL_Driver/Src/stm32f7xx_hal_pwr_ex.o
 .debug_abbrev  0x00000000000017d9      0x21f Drivers/STM32F7xx_HAL_Driver/Src/stm32f7xx_hal_qspi.o
 .debug_abbrev  0x00000000000019f8      0x268 Drivers/STM32F7xx_HAL_Driver/Src/stm32f7xx_hal_rcc.o
 .debug_abbrev  0x0000000000001c60      0x1ad Drivers/STM32F7xx_HAL_Driver/Src/stm32f7xx_hal_rcc_ex.o
 .debug_abbrev  0x0000000000001e0d      0x205 Drivers/STM32F7xx_HAL_Driver/Src/stm32f7xx_hal_uart.o

.debug_aranges  0x0000000000000000      0xa08
 .debug_aranges
                0x0000000000000000       0x20 Core/Src/gpio.o
 .debug_aranges
                0x0000000000000020       0x30 Core/Src/main.o
 .debug_aranges
                0x0000000000000050       0x88 Core/Src/quadspi.o
 .debug_aranges
                0x00000000000000d8       0x20 Core/Src/stm32f7xx_hal_msp.o
 .debug_aranges
                0x00000000000000f8       0x68 Core/Src/stm32f7xx_it.o
 .debug_aranges
                0x0000000000000160       0x28 Core/Src/system_stm32f7xx.o
 .debug_aranges
                0x0000000000000188       0x38 Core/Src/usart.o
 .debug_aranges
                0x00000000000001c0       0x28 Core/Startup/startup_stm32f767igtx.o
 .debug_aranges
                0x00000000000001e8      0x110 Drivers/STM32F7xx_HAL_Driver/Src/stm32f7xx_hal.o
 .debug_aranges
                0x00000000000002f8      0x118 Drivers/STM32F7xx_HAL_Driver/Src/stm32f7xx_hal_cortex.o
 .debug_aranges
                0x0000000000000410       0x90 Drivers/STM32F7xx_HAL_Driver/Src/stm32f7xx_hal_dma.o
 .debug_aranges
                0x00000000000004a0       0x58 Drivers/STM32F7xx_HAL_Driver/Src/stm32f7xx_hal_gpio.o
 .debug_aranges
                0x00000000000004f8       0x38 Drivers/STM32F7xx_HAL_Driver/Src/stm32f7xx_hal_i2c_ex.o
 .debug_aranges
                0x0000000000000530       0x80 Drivers/STM32F7xx_HAL_Driver/Src/stm32f7xx_hal_pwr_ex.o
 .debug_aranges
                0x00000000000005b0      0x168 Drivers/STM32F7xx_HAL_Driver/Src/stm32f7xx_hal_qspi.o
 .debug_aranges
                0x0000000000000718       0x88 Drivers/STM32F7xx_HAL_Driver/Src/stm32f7xx_hal_rcc.o
 .debug_aranges
                0x00000000000007a0       0x50 Drivers/STM32F7xx_HAL_Driver/Src/stm32f7xx_hal_rcc_ex.o
 .debug_aranges
                0x00000000000007f0      0x218 Drivers/STM32F7xx_HAL_Driver/Src/stm32f7xx_hal_uart.o

.debug_ranges   0x0000000000000000      0x8f0
 .debug_ranges  0x0000000000000000       0x10 Core/Src/gpio.o
 .debug_ranges  0x0000000000000010       0x20 Core/Src/main.o
 .debug_ranges  0x0000000000000030       0x78 Core/Src/quadspi.o
 .debug_ranges  0x00000000000000a8       0x10 Core/Src/stm32f7xx_hal_msp.o
 .debug_ranges  0x00000000000000b8       0x58 Core/Src/stm32f7xx_it.o
 .debug_ranges  0x0000000000000110       0x18 Core/Src/system_stm32f7xx.o
 .debug_ranges  0x0000000000000128       0x28 Core/Src/usart.o
 .debug_ranges  0x0000000000000150       0x20 Core/Startup/startup_stm32f767igtx.o
 .debug_ranges  0x0000000000000170      0x100 Drivers/STM32F7xx_HAL_Driver/Src/stm32f7xx_hal.o
 .debug_ranges  0x0000000000000270      0x108 Drivers/STM32F7xx_HAL_Driver/Src/stm32f7xx_hal_cortex.o
 .debug_ranges  0x0000000000000378       0x80 Drivers/STM32F7xx_HAL_Driver/Src/stm32f7xx_hal_dma.o
 .debug_ranges  0x00000000000003f8       0x48 Drivers/STM32F7xx_HAL_Driver/Src/stm32f7xx_hal_gpio.o
 .debug_ranges  0x0000000000000440       0x28 Drivers/STM32F7xx_HAL_Driver/Src/stm32f7xx_hal_i2c_ex.o
 .debug_ranges  0x0000000000000468       0x70 Drivers/STM32F7xx_HAL_Driver/Src/stm32f7xx_hal_pwr_ex.o
 .debug_ranges  0x00000000000004d8      0x158 Drivers/STM32F7xx_HAL_Driver/Src/stm32f7xx_hal_qspi.o
 .debug_ranges  0x0000000000000630       0x78 Drivers/STM32F7xx_HAL_Driver/Src/stm32f7xx_hal_rcc.o
 .debug_ranges  0x00000000000006a8       0x40 Drivers/STM32F7xx_HAL_Driver/Src/stm32f7xx_hal_rcc_ex.o
 .debug_ranges  0x00000000000006e8      0x208 Drivers/STM32F7xx_HAL_Driver/Src/stm32f7xx_hal_uart.o

.debug_macro    0x0000000000000000     0x36cf
 .debug_macro   0x0000000000000000      0x1ed Core/Src/gpio.o
 .debug_macro   0x00000000000001ed      0x396 Core/Src/main.o
 .debug_macro   0x0000000000000583       0x46 Core/Src/main.o
 .debug_macro   0x00000000000005c9       0x17 Core/Src/main.o
 .debug_macro   0x00000000000005e0       0x3c Core/Src/main.o
 .debug_macro   0x000000000000061c       0x34 Core/Src/main.o
 .debug_macro   0x0000000000000650       0x16 Core/Src/main.o
 .debug_macro   0x0000000000000666       0x35 Core/Src/main.o
 .debug_macro   0x000000000000069b      0x32a Core/Src/main.o
 .debug_macro   0x00000000000009c5       0x10 Core/Src/main.o
 .debug_macro   0x00000000000009d5       0x52 Core/Src/main.o
 .debug_macro   0x0000000000000a27       0x1f Core/Src/main.o
 .debug_macro   0x0000000000000a46       0x43 Core/Src/main.o
 .debug_macro   0x0000000000000a89       0x20 Core/Src/main.o
 .debug_macro   0x0000000000000aa9      0x1a3 Core/Src/main.o
 .debug_macro   0x0000000000000c4c       0x10 Core/Src/main.o
 .debug_macro   0x0000000000000c5c       0x1c Core/Src/main.o
 .debug_macro   0x0000000000000c78       0x52 Core/Src/main.o
 .debug_macro   0x0000000000000cca       0x40 Core/Src/main.o
 .debug_macro   0x0000000000000d0a       0x10 Core/Src/main.o
 .debug_macro   0x0000000000000d1a       0x40 Core/Src/main.o
 .debug_macro   0x0000000000000d5a       0xd7 Core/Src/main.o
 .debug_macro   0x0000000000000e31       0x1c Core/Src/main.o
 .debug_macro   0x0000000000000e4d       0x3d Core/Src/main.o
 .debug_macro   0x0000000000000e8a       0x16 Core/Src/main.o
 .debug_macro   0x0000000000000ea0      0x145 Core/Src/main.o
 .debug_macro   0x0000000000000fe5       0x16 Core/Src/main.o
 .debug_macro   0x0000000000000ffb       0x20 Core/Src/main.o
 .debug_macro   0x000000000000101b      0x342 Core/Src/quadspi.o
 .debug_macro   0x000000000000135d       0x40 Core/Src/quadspi.o
 .debug_macro   0x000000000000139d       0x94 Core/Src/quadspi.o
 .debug_macro   0x0000000000001431       0x57 Core/Src/quadspi.o
 .debug_macro   0x0000000000001488       0x97 Core/Src/quadspi.o
 .debug_macro   0x000000000000151f      0x330 Core/Src/quadspi.o
 .debug_macro   0x000000000000184f       0xfd Core/Src/quadspi.o
 .debug_macro   0x000000000000194c       0xd9 Core/Src/quadspi.o
 .debug_macro   0x0000000000001a25       0x5b Core/Src/quadspi.o
 .debug_macro   0x0000000000001a80      0x1e3 Core/Src/stm32f7xx_hal_msp.o
 .debug_macro   0x0000000000001c63      0x1ed Core/Src/stm32f7xx_it.o
 .debug_macro   0x0000000000001e50      0x1df Core/Src/system_stm32f7xx.o
 .debug_macro   0x000000000000202f      0x349 Core/Src/usart.o
 .debug_macro   0x0000000000002378      0x1fd Drivers/STM32F7xx_HAL_Driver/Src/stm32f7xx_hal.o
 .debug_macro   0x0000000000002575      0x1d9 Drivers/STM32F7xx_HAL_Driver/Src/stm32f7xx_hal_cortex.o
 .debug_macro   0x000000000000274e      0x1df Drivers/STM32F7xx_HAL_Driver/Src/stm32f7xx_hal_dma.o
 .debug_macro   0x000000000000292d      0x20f Drivers/STM32F7xx_HAL_Driver/Src/stm32f7xx_hal_gpio.o
 .debug_macro   0x0000000000002b3c      0x1d9 Drivers/STM32F7xx_HAL_Driver/Src/stm32f7xx_hal_i2c_ex.o
 .debug_macro   0x0000000000002d15      0x1f1 Drivers/STM32F7xx_HAL_Driver/Src/stm32f7xx_hal_pwr_ex.o
 .debug_macro   0x0000000000002f06      0x1fd Drivers/STM32F7xx_HAL_Driver/Src/stm32f7xx_hal_qspi.o
 .debug_macro   0x0000000000003103      0x1fd Drivers/STM32F7xx_HAL_Driver/Src/stm32f7xx_hal_rcc.o
 .debug_macro   0x0000000000003300      0x1d9 Drivers/STM32F7xx_HAL_Driver/Src/stm32f7xx_hal_rcc_ex.o
 .debug_macro   0x00000000000034d9      0x1f6 Drivers/STM32F7xx_HAL_Driver/Src/stm32f7xx_hal_uart.o

.debug_line     0x0000000000000000     0xa20f
 .debug_line    0x0000000000000000      0x6d1 Core/Src/gpio.o
 .debug_line    0x00000000000006d1      0x99a Core/Src/main.o
 .debug_line    0x000000000000106b      0xb23 Core/Src/quadspi.o
 .debug_line    0x0000000000001b8e      0x6d3 Core/Src/stm32f7xx_hal_msp.o
 .debug_line    0x0000000000002261      0x78d Core/Src/stm32f7xx_it.o
 .debug_line    0x00000000000029ee      0x6ec Core/Src/system_stm32f7xx.o
 .debug_line    0x00000000000030da      0x8f3 Core/Src/usart.o
 .debug_line    0x00000000000039cd       0x85 Core/Startup/startup_stm32f767igtx.o
 .debug_line    0x0000000000003a52      0x91f Drivers/STM32F7xx_HAL_Driver/Src/stm32f7xx_hal.o
 .debug_line    0x0000000000004371      0x9fc Drivers/STM32F7xx_HAL_Driver/Src/stm32f7xx_hal_cortex.o
 .debug_line    0x0000000000004d6d      0x9a7 Drivers/STM32F7xx_HAL_Driver/Src/stm32f7xx_hal_dma.o
 .debug_line    0x0000000000005714      0x8e0 Drivers/STM32F7xx_HAL_Driver/Src/stm32f7xx_hal_gpio.o
 .debug_line    0x0000000000005ff4      0x791 Drivers/STM32F7xx_HAL_Driver/Src/stm32f7xx_hal_i2c_ex.o
 .debug_line    0x0000000000006785      0x81c Drivers/STM32F7xx_HAL_Driver/Src/stm32f7xx_hal_pwr_ex.o
 .debug_line    0x0000000000006fa1      0xd4e Drivers/STM32F7xx_HAL_Driver/Src/stm32f7xx_hal_qspi.o
 .debug_line    0x0000000000007cef      0x985 Drivers/STM32F7xx_HAL_Driver/Src/stm32f7xx_hal_rcc.o
 .debug_line    0x0000000000008674      0x8fc Drivers/STM32F7xx_HAL_Driver/Src/stm32f7xx_hal_rcc_ex.o
 .debug_line    0x0000000000008f70     0x129f Drivers/STM32F7xx_HAL_Driver/Src/stm32f7xx_hal_uart.o

.debug_str      0x0000000000000000    0xf3205
 .debug_str     0x0000000000000000    0xeb580 Core/Src/gpio.o
                                      0xebc51 (size before relaxing)
 .debug_str     0x00000000000eb580     0x4ca2 Core/Src/main.o
                                      0xf09f6 (size before relaxing)
 .debug_str     0x00000000000f0222      0x37d Core/Src/quadspi.o
                                      0xf0705 (size before relaxing)
 .debug_str     0x00000000000f059f       0x2c Core/Src/stm32f7xx_hal_msp.o
                                      0xebc51 (size before relaxing)
 .debug_str     0x00000000000f05cb       0xcf Core/Src/stm32f7xx_it.o
                                      0xec017 (size before relaxing)
 .debug_str     0x00000000000f069a      0x18d Core/Src/system_stm32f7xx.o
                                      0xebda1 (size before relaxing)
 .debug_str     0x00000000000f0827      0x6b9 Core/Src/usart.o
                                      0xf089b (size before relaxing)
 .debug_str     0x00000000000f0ee0       0x36 Core/Startup/startup_stm32f767igtx.o
                                         0x6e (size before relaxing)
 .debug_str     0x00000000000f0f16      0x3c7 Drivers/STM32F7xx_HAL_Driver/Src/stm32f7xx_hal.o
                                      0xec72a (size before relaxing)
 .debug_str     0x00000000000f12dd      0x38f Drivers/STM32F7xx_HAL_Driver/Src/stm32f7xx_hal_cortex.o
                                      0xec796 (size before relaxing)
 .debug_str     0x00000000000f166c      0x328 Drivers/STM32F7xx_HAL_Driver/Src/stm32f7xx_hal_dma.o
                                      0xec0db (size before relaxing)
 .debug_str     0x00000000000f1994      0x260 Drivers/STM32F7xx_HAL_Driver/Src/stm32f7xx_hal_gpio.o
                                      0xebf77 (size before relaxing)
 .debug_str     0x00000000000f1bf4      0x2ca Drivers/STM32F7xx_HAL_Driver/Src/stm32f7xx_hal_i2c_ex.o
                                      0xec25e (size before relaxing)
 .debug_str     0x00000000000f1ebe      0x1d1 Drivers/STM32F7xx_HAL_Driver/Src/stm32f7xx_hal_pwr_ex.o
                                      0xec01b (size before relaxing)
 .debug_str     0x00000000000f208f      0x5b1 Drivers/STM32F7xx_HAL_Driver/Src/stm32f7xx_hal_qspi.o
                                      0xec6c8 (size before relaxing)
 .debug_str     0x00000000000f2640      0x274 Drivers/STM32F7xx_HAL_Driver/Src/stm32f7xx_hal_rcc.o
                                      0xec0d5 (size before relaxing)
 .debug_str     0x00000000000f28b4      0x161 Drivers/STM32F7xx_HAL_Driver/Src/stm32f7xx_hal_rcc_ex.o
                                      0xec08a (size before relaxing)
 .debug_str     0x00000000000f2a15      0x7f0 Drivers/STM32F7xx_HAL_Driver/Src/stm32f7xx_hal_uart.o
                                      0xec91a (size before relaxing)

.comment        0x0000000000000000       0x7b
 .comment       0x0000000000000000       0x7b Core/Src/gpio.o
                                         0x7c (size before relaxing)
 .comment       0x000000000000007b       0x7c Core/Src/main.o
 .comment       0x000000000000007b       0x7c Core/Src/quadspi.o
 .comment       0x000000000000007b       0x7c Core/Src/stm32f7xx_hal_msp.o
 .comment       0x000000000000007b       0x7c Core/Src/stm32f7xx_it.o
 .comment       0x000000000000007b       0x7c Core/Src/system_stm32f7xx.o
 .comment       0x000000000000007b       0x7c Core/Src/usart.o
 .comment       0x000000000000007b       0x7c Drivers/STM32F7xx_HAL_Driver/Src/stm32f7xx_hal.o
 .comment       0x000000000000007b       0x7c Drivers/STM32F7xx_HAL_Driver/Src/stm32f7xx_hal_cortex.o
 .comment       0x000000000000007b       0x7c Drivers/STM32F7xx_HAL_Driver/Src/stm32f7xx_hal_dma.o
 .comment       0x000000000000007b       0x7c Drivers/STM32F7xx_HAL_Driver/Src/stm32f7xx_hal_gpio.o
 .comment       0x000000000000007b       0x7c Drivers/STM32F7xx_HAL_Driver/Src/stm32f7xx_hal_i2c_ex.o
 .comment       0x000000000000007b       0x7c Drivers/STM32F7xx_HAL_Driver/Src/stm32f7xx_hal_pwr_ex.o
 .comment       0x000000000000007b       0x7c Drivers/STM32F7xx_HAL_Driver/Src/stm32f7xx_hal_qspi.o
 .comment       0x000000000000007b       0x7c Drivers/STM32F7xx_HAL_Driver/Src/stm32f7xx_hal_rcc.o
 .comment       0x000000000000007b       0x7c Drivers/STM32F7xx_HAL_Driver/Src/stm32f7xx_hal_rcc_ex.o
 .comment       0x000000000000007b       0x7c Drivers/STM32F7xx_HAL_Driver/Src/stm32f7xx_hal_uart.o

.debug_frame    0x0000000000000000     0x2788
 .debug_frame   0x0000000000000000       0x38 Core/Src/gpio.o
 .debug_frame   0x0000000000000038       0x74 Core/Src/main.o
 .debug_frame   0x00000000000000ac      0x1f8 Core/Src/quadspi.o
 .debug_frame   0x00000000000002a4       0x38 Core/Src/stm32f7xx_hal_msp.o
 .debug_frame   0x00000000000002dc      0x120 Core/Src/stm32f7xx_it.o
 .debug_frame   0x00000000000003fc       0x58 Core/Src/system_stm32f7xx.o
 .debug_frame   0x0000000000000454       0x98 Core/Src/usart.o
 .debug_frame   0x00000000000004ec      0x3f4 Drivers/STM32F7xx_HAL_Driver/Src/stm32f7xx_hal.o
 .debug_frame   0x00000000000008e0      0x498 Drivers/STM32F7xx_HAL_Driver/Src/stm32f7xx_hal_cortex.o
 .debug_frame   0x0000000000000d78      0x250 Drivers/STM32F7xx_HAL_Driver/Src/stm32f7xx_hal_dma.o
 .debug_frame   0x0000000000000fc8      0x14c Drivers/STM32F7xx_HAL_Driver/Src/stm32f7xx_hal_gpio.o
 .debug_frame   0x0000000000001114       0xb0 Drivers/STM32F7xx_HAL_Driver/Src/stm32f7xx_hal_i2c_ex.o
 .debug_frame   0x00000000000011c4      0x1c8 Drivers/STM32F7xx_HAL_Driver/Src/stm32f7xx_hal_pwr_ex.o
 .debug_frame   0x000000000000138c      0x680 Drivers/STM32F7xx_HAL_Driver/Src/stm32f7xx_hal_qspi.o
 .debug_frame   0x0000000000001a0c      0x1f4 Drivers/STM32F7xx_HAL_Driver/Src/stm32f7xx_hal_rcc.o
 .debug_frame   0x0000000000001c00      0x118 Drivers/STM32F7xx_HAL_Driver/Src/stm32f7xx_hal_rcc_ex.o
 .debug_frame   0x0000000000001d18      0x998 Drivers/STM32F7xx_HAL_Driver/Src/stm32f7xx_hal_uart.o
 .debug_frame   0x00000000000026b0       0x2c c:/st/stm32cubeide_1.4.0/stm32cubeide/plugins/com.st.stm32cube.ide.mcu.externaltools.gnu-tools-for-stm32.7-2018-q2-update.win32_1.5.0.202011040924/tools/bin/../lib/gcc/arm-none-eabi/7.3.1/../../../../arm-none-eabi/lib/thumb/v7e-m/fpv5/hard\libc_nano.a(lib_a-init.o)
 .debug_frame   0x00000000000026dc       0x2c c:/st/stm32cubeide_1.4.0/stm32cubeide/plugins/com.st.stm32cube.ide.mcu.externaltools.gnu-tools-for-stm32.7-2018-q2-update.win32_1.5.0.202011040924/tools/bin/../lib/gcc/arm-none-eabi/7.3.1/../../../../arm-none-eabi/lib/thumb/v7e-m/fpv5/hard\libc_nano.a(lib_a-memcmp.o)
 .debug_frame   0x0000000000002708       0x20 c:/st/stm32cubeide_1.4.0/stm32cubeide/plugins/com.st.stm32cube.ide.mcu.externaltools.gnu-tools-for-stm32.7-2018-q2-update.win32_1.5.0.202011040924/tools/bin/../lib/gcc/arm-none-eabi/7.3.1/../../../../arm-none-eabi/lib/thumb/v7e-m/fpv5/hard\libc_nano.a(lib_a-memset.o)
 .debug_frame   0x0000000000002728       0x2c c:/st/stm32cubeide_1.4.0/stm32cubeide/plugins/com.st.stm32cube.ide.mcu.externaltools.gnu-tools-for-stm32.7-2018-q2-update.win32_1.5.0.202011040924/tools/bin/../lib/gcc/arm-none-eabi/7.3.1/thumb/v7e-m/fpv5/hard\libgcc.a(_aeabi_uldivmod.o)
 .debug_frame   0x0000000000002754       0x34 c:/st/stm32cubeide_1.4.0/stm32cubeide/plugins/com.st.stm32cube.ide.mcu.externaltools.gnu-tools-for-stm32.7-2018-q2-update.win32_1.5.0.202011040924/tools/bin/../lib/gcc/arm-none-eabi/7.3.1/thumb/v7e-m/fpv5/hard\libgcc.a(_udivmoddi4.o)
