quadspi.c:37:6:MX_QUADSPI_Init	8	static
quadspi.c:55:6:HAL_QSPI_MspInit	48	static
quadspi.c:113:6:HAL_QSPI_MspDeInit	16	static
quadspi.c:144:9:CSP_QUADSPI_Init	8	static
quadspi.c:188:9:CSP_QSPI_Erase_Chip	64	static
quadspi.c:234:9:QSPI_AutoPollingMemReady	88	static
quadspi.c:276:16:QSPI_WriteEnable	88	static
quadspi.c:334:16:QSPI_QPIModeEnable	72	static
quadspi.c:473:9:QSPI_Configuration	72	static
quadspi.c:538:9:CSP_QSPI_EraseSector	72	static
quadspi.c:590:9:CSP_QSPI_WriteMemory	96	static
quadspi.c:686:9:CSP_QSPI_ReadMemory	80	static
quadspi.c:730:9:CSP_QSPI_EnableMemoryMappedMode	72	static
quadspi.c:769:9:QSPI_ResetChip	72	static,ignoring_inline_asm
