quadspi.c:38:6:MX_QUADSPI_Init	8	static
quadspi.c:56:6:HAL_QSPI_MspInit	48	static
quadspi.c:115:6:HAL_QSPI_MspDeInit	16	static
quadspi.c:147:9:CSP_QUADSPI_Init	8	static
quadspi.c:192:9:CSP_QSPI_Erase_Chip	64	static
quadspi.c:236:9:QSPI_AutoPollingMemReady	88	static
quadspi.c:281:16:QSPI_WriteEnable	88	static
quadspi.c:341:16:QSPI_QPIModeEnable	72	static
quadspi.c:473:9:QSPI_Configuration	72	static
quadspi.c:557:9:CSP_QSPI_EraseSector	72	static
quadspi.c:603:9:CSP_QSPI_WriteMemory	96	static
quadspi.c:695:9:CSP_QSPI_ReadMemory	80	static
quadspi.c:729:9:CSP_QSPI_EnableMemoryMappedMode	72	static
quadspi.c:760:9:QSPI_ResetChip	72	static,ignoring_inline_asm
